19:42:02 **** Build of configuration Debug for project ALS0 ****
make pre-build main-build 
a9-linaro-pre-build-step
' '
'Building file: ../src/PmodALS.c'
'Invoking: ARM v7 gcc compiler'
arm-none-eabi-gcc -Wall -O0 -g3 -c -fmessage-length=0 -MT"src/PmodALS.o" -mcpu=cortex-a9 -mfpu=vfpv3 -mfloat-abi=hard -I../../my_base0/ps7_cortexa9_0/include -MMD -MP -MF"src/PmodALS.d" -MT"src/PmodALS.o" -o "src/PmodALS.o" "../src/PmodALS.c"
'Finished building: ../src/PmodALS.c'
' '
'Building file: ../src/main.c'
'Invoking: ARM v7 gcc compiler'
arm-none-eabi-gcc -Wall -O0 -g3 -c -fmessage-length=0 -MT"src/main.o" -mcpu=cortex-a9 -mfpu=vfpv3 -mfloat-abi=hard -I../../my_base0/ps7_cortexa9_0/include -MMD -MP -MF"src/main.d" -MT"src/main.o" -o "src/main.o" "../src/main.c"
'Finished building: ../src/main.c'
' '
'Building file: ../src/platform.c'
'Invoking: ARM v7 gcc compiler'
arm-none-eabi-gcc -Wall -O0 -g3 -c -fmessage-length=0 -MT"src/platform.o" -mcpu=cortex-a9 -mfpu=vfpv3 -mfloat-abi=hard -I../../my_base0/ps7_cortexa9_0/include -MMD -MP -MF"src/platform.d" -MT"src/platform.o" -o "src/platform.o" "../src/platform.c"
'Finished building: ../src/platform.c'
' '
'Building target: ALS0.elf'
'Invoking: ARM v7 gcc linker'
arm-none-eabi-gcc -mcpu=cortex-a9 -mfpu=vfpv3 -mfloat-abi=hard -Wl,-build-id=none -specs=Xilinx.spec -Wl,-T -Wl,../src/lscript.ld -L../../my_base0/ps7_cortexa9_0/lib -o "ALS0.elf"  ./src/PmodALS.o ./src/main.o ./src/platform.o   -Wl,--start-group,-lxil,-lgcc,-lc,--end-group
'Finished building target: ALS0.elf'
' '
'Invoking: ARM v7 Print Size'
arm-none-eabi-size ALS0.elf  |tee "ALS0.elf.size"
   text	   data	    bss	    dec	    hex	filename
  33916	   1576	  23368	  58860	   e5ec	ALS0.elf
'Finished building: ALS0.elf.size'
' '

19:42:04 Build Finished (took 1s.506ms)

